  Source.cpp
C:\Users\Ivan\Desktop\Game of Life\Source.cpp(22,24): warning C4244: 'argument': conversion from 'int' to 'T', possible loss of data
          with
          [
              T=float
          ]
C:\Users\Ivan\Desktop\Game of Life\Source.cpp(30,27): warning C4244: 'argument': conversion from 'int' to 'T', possible loss of data
          with
          [
              T=float
          ]
C:\Users\Ivan\Desktop\Game of Life\Source.cpp(50,31): warning C4244: 'argument': conversion from 'int' to 'T', possible loss of data
          with
          [
              T=float
          ]
C:\Users\Ivan\Desktop\Game of Life\Source.cpp(50,19): warning C4244: 'argument': conversion from 'int' to 'T', possible loss of data
          with
          [
              T=float
          ]
C:\Users\Ivan\Desktop\Game of Life\Source.cpp(133,9): warning C4244: 'initializing': conversion from 'double' to 'int', possible loss of data
C:\Users\Ivan\Desktop\Game of Life\Source.cpp(134,9): warning C4244: 'initializing': conversion from 'double' to 'int', possible loss of data
  Game of Life.vcxproj -> C:\Users\Ivan\Desktop\Game of Life\x64\Debug\Game of Life.exe
